
[2026-05-20T11:25:48.639Z] LOGIN ATTEMPT - email=admin@email.com
[2026-05-20T11:30:20.083Z] LOGIN ATTEMPT - email=admin@adigital.com.br
[2026-05-20T12:51:54.686Z] LOGIN ATTEMPT - email=admin@email.com
[2026-05-20T16:09:05.858Z] LOGIN ATTEMPT - email=admin@email.com
[2026-05-22T11:08:04.342Z] LOGIN ATTEMPT - email=admin@email.com
[2026-05-22T12:40:22.085Z] LOGIN ATTEMPT - email=admin@email.com
[2026-05-22T12:40:22.240Z] ERRO: error: relação "usuario" não existe
    at C:\Users\48393671833\Desktop\workspace\Sprint-back-front\CyberKnights-backend\node_modules\pg-pool\index.js:45:11
    at process.processTicksAndRejections (node:internal/process/task_queues:103:5)
    at async validacaoUsuario (file:///C:/Users/48393671833/Desktop/workspace/Sprint-back-front/CyberKnights-backend/src/middlewares/Auth.ts:45:33)
[2026-05-22T12:42:42.336Z] LOGIN ATTEMPT - email=admin@email.com
[2026-05-22T12:42:42.482Z] ERRO: error: relação "usuario" não existe
    at C:\Users\48393671833\Desktop\workspace\Sprint-back-front\CyberKnights-backend\node_modules\pg-pool\index.js:45:11
    at process.processTicksAndRejections (node:internal/process/task_queues:103:5)
    at async validacaoUsuario (file:///C:/Users/48393671833/Desktop/workspace/Sprint-back-front/CyberKnights-backend/src/middlewares/Auth.ts:45:33)
[2026-05-22T12:43:02.387Z] LOGIN ATTEMPT - email=admin@email.com
[2026-05-22T12:43:02.519Z] ERRO: error: relação "usuario" não existe
    at C:\Users\48393671833\Desktop\workspace\Sprint-back-front\CyberKnights-backend\node_modules\pg-pool\index.js:45:11
    at process.processTicksAndRejections (node:internal/process/task_queues:103:5)
    at async validacaoUsuario (file:///C:/Users/48393671833/Desktop/workspace/Sprint-back-front/CyberKnights-backend/src/middlewares/Auth.ts:45:33)
[2026-05-22T12:44:22.965Z] LOGIN ATTEMPT - email=admin@email.com
[2026-05-22T12:44:23.139Z] ERRO: error: relação "usuario" não existe
    at C:\Users\48393671833\Desktop\workspace\Sprint-back-front\CyberKnights-backend\node_modules\pg-pool\index.js:45:11
    at process.processTicksAndRejections (node:internal/process/task_queues:103:5)
    at async validacaoUsuario (file:///C:/Users/48393671833/Desktop/workspace/Sprint-back-front/CyberKnights-backend/src/middlewares/Auth.ts:45:33)
[2026-05-22T12:44:46.095Z] LOGIN ATTEMPT - email=admin@email.com
[2026-05-22T12:44:46.267Z] ERRO: error: relação "usuario" não existe
    at C:\Users\48393671833\Desktop\workspace\Sprint-back-front\CyberKnights-backend\node_modules\pg-pool\index.js:45:11
    at process.processTicksAndRejections (node:internal/process/task_queues:103:5)
    at async validacaoUsuario (file:///C:/Users/48393671833/Desktop/workspace/Sprint-back-front/CyberKnights-backend/src/middlewares/Auth.ts:45:33)
[2026-05-22T12:47:16.108Z] LOGIN ATTEMPT - email=admin@email.com
[2026-05-22T12:47:16.321Z] ERRO: error: relação "usuario" não existe
    at C:\Users\48393671833\Desktop\workspace\Sprint-back-front\CyberKnights-backend\node_modules\pg-pool\index.js:45:11
    at process.processTicksAndRejections (node:internal/process/task_queues:103:5)
    at async validacaoUsuario (file:///C:/Users/48393671833/Desktop/workspace/Sprint-back-front/CyberKnights-backend/src/middlewares/Auth.ts:45:33)
[2026-05-22T12:48:03.208Z] LOGIN ATTEMPT - email=admin@email.com
[2026-05-22T12:48:03.346Z] ERRO: error: relação "usuario" não existe
    at C:\Users\48393671833\Desktop\workspace\Sprint-back-front\CyberKnights-backend\node_modules\pg-pool\index.js:45:11
    at process.processTicksAndRejections (node:internal/process/task_queues:103:5)
    at async validacaoUsuario (file:///C:/Users/48393671833/Desktop/workspace/Sprint-back-front/CyberKnights-backend/src/middlewares/Auth.ts:45:33)
[2026-05-22T12:48:45.861Z] LOGIN ATTEMPT - email=test@test.com
[2026-05-22T12:48:45.995Z] ERRO: error: relação "usuario" não existe
    at C:\Users\48393671833\Desktop\workspace\Sprint-back-front\CyberKnights-backend\node_modules\pg-pool\index.js:45:11
    at process.processTicksAndRejections (node:internal/process/task_queues:103:5)
    at async validacaoUsuario (file:///C:/Users/48393671833/Desktop/workspace/Sprint-back-front/CyberKnights-backend/src/middlewares/Auth.ts:45:33)
[2026-05-22T12:49:55.283Z] LOGIN ATTEMPT - email=admin@email.com
[2026-05-22T12:52:30.139Z] LOGIN ATTEMPT - email=admin@email.com
[2026-05-22T16:14:45.370Z] LOGIN ATTEMPT - email=admin@email.com
[2026-05-22T17:15:41.935Z] LOGIN ATTEMPT - email=admin@email.com
[2026-05-22T18:20:11.329Z] LOGIN ATTEMPT - email=admin@email.com
[2026-06-10T11:17:48.564Z] LOGIN ATTEMPT - email=admin@email.com
[2026-06-10T12:29:30.477Z] LOGIN ATTEMPT - email=admin@email.com
[2026-06-10T14:20:08.067Z] LOGIN ATTEMPT - email=admin@email.com
[2026-06-10T16:08:47.502Z] LOGIN ATTEMPT - email=admin@email
[2026-06-10T16:11:14.190Z] LOGIN ATTEMPT - email=admin@email.com
[2026-06-10T17:47:11.685Z] LOGIN ATTEMPT - email=admin@email.com
[2026-06-10T18:56:18.485Z] LOGIN ATTEMPT - email=admin@email.com
[2026-09-02T16:15:59.110Z] LOGIN ATTEMPT - email=admindev@email.com
[2026-09-02T16:23:34.296Z] LOGIN ATTEMPT - email=admin@email.com
[2026-09-02T16:26:00.026Z] LOGIN ATTEMPT - email=admindev@email.com
[2026-09-02T16:41:34.131Z] LOGIN ATTEMPT - email=admin@email.com
[2026-09-02T17:09:15.910Z] LOGIN ATTEMPT - email=admindev@email.com
[2026-09-09T11:10:10.650Z] LOGIN ATTEMPT - email=admin@email.com
[2026-09-11T11:35:22.241Z] LOGIN ATTEMPT - email=admin@email.com
[2026-09-16T19:10:19.697Z] LOGIN ATTEMPT - email=admin@email.com
[2026-09-16T19:11:18.845Z] LOGIN ATTEMPT - email=admin@email.com
[2026-09-16T19:37:03.009Z] LOGIN ATTEMPT - email=admin@email.com


[2026-09-18T14:41:54.360Z] LOGIN ATTEMPT - email=maria@email.com
[2026-09-18T14:42:54.989Z] LOGIN ATTEMPT - email=admin@email.com
[2026-09-18T14:42:57.290Z] LOGIN ATTEMPT - email=admin@email.com
[2026-09-18T14:42:57.713Z] LOGIN ATTEMPT - email=admin@email.com
[2026-09-18T14:42:57.892Z] LOGIN ATTEMPT - email=admin@email.com
[2026-09-18T14:42:59.370Z] LOGIN ATTEMPT - email=admin@email.com
[2026-09-18T14:42:59.512Z] LOGIN ATTEMPT - email=admin@email.com
[2026-09-18T14:44:34.288Z] LOGIN ATTEMPT - email=admin@email.com
[2026-09-18T14:44:54.013Z] LOGIN ATTEMPT - email=admin@email.com
[2026-09-18T14:49:34.621Z] LOGIN ATTEMPT - email=admin@email.com
[2026-09-18T14:49:34.841Z] LOGIN ATTEMPT - email=admin@email.com
[2026-09-18T14:49:35.185Z] LOGIN ATTEMPT - email=admin@email.com
[2026-09-18T14:49:35.410Z] LOGIN ATTEMPT - email=admin@email.com
[2026-09-18T16:45:28.315Z] LOGIN ATTEMPT - email=admin@email.com
[2026-09-18T16:45:29.459Z] LOGIN ATTEMPT - email=admin@email.com
[2026-09-18T16:45:30.317Z] LOGIN ATTEMPT - email=admin@email.com
[2026-09-18T16:45:31.133Z] LOGIN ATTEMPT - email=admin@email.com
[2026-09-18T16:45:31.477Z] LOGIN ATTEMPT - email=admin@email.com
[2026-09-18T16:45:32.228Z] LOGIN ATTEMPT - email=admin@email.com
[2026-09-18T17:07:24.851Z] LOGIN ATTEMPT - email=admin@email.com
[2026-09-18T17:07:25.671Z] LOGIN ATTEMPT - email=admin@email.com
[2026-09-18T17:07:25.935Z] LOGIN ATTEMPT - email=admin@email.com
[2026-09-18T17:07:26.164Z] LOGIN ATTEMPT - email=admin@email.com
[2026-09-18T17:07:26.438Z] LOGIN ATTEMPT - email=admin@email.com
[2026-09-18T17:07:26.678Z] LOGIN ATTEMPT - email=admin@email.com
[2026-09-18T17:40:41.717Z] LOGIN ATTEMPT - email=admin@email.com
[2026-09-18T17:41:08.612Z] LOGIN ATTEMPT - email=admin@gmail.com
[2026-09-18T17:41:18.061Z] LOGIN ATTEMPT - email=admin@email.com
[2026-09-18T17:41:22.907Z] LOGIN ATTEMPT - email=admin@email.com
[2026-09-18T17:55:54.595Z] LOGIN ATTEMPT - email=admin@email.com
[2026-09-18T17:55:56.738Z] LOGIN ATTEMPT - email=admin@email.com
[2026-09-18T17:55:57.353Z] LOGIN ATTEMPT - email=admin@email.com
[2026-09-18T17:58:03.364Z] LOGIN ATTEMPT - email=admin@email.com
[2026-09-18T17:58:03.969Z] LOGIN ATTEMPT - email=admin@email.com
[2026-09-18T17:58:04.963Z] LOGIN ATTEMPT - email=admin@email.com
[2026-09-18T17:58:26.980Z] LOGIN ATTEMPT - email=admin@email.con
[2026-09-18T17:58:36.421Z] LOGIN ATTEMPT - email=admin@email.com
[2026-09-18T17:58:38.467Z] LOGIN ATTEMPT - email=admin@email.com
[2026-09-18T18:00:08.635Z] LOGIN ATTEMPT - email=admin@email.com
[2026-09-18T18:03:36.380Z] LOGIN ATTEMPT - email=admin@email.com
[2026-09-18T18:05:35.213Z] LOGIN ATTEMPT - email=teste@invalido.com
[2026-09-18T18:05:50.237Z] LOGIN ATTEMPT - email=teste@invalido.com
[2026-09-18T18:05:58.417Z] LOGIN ATTEMPT - email=admin@email.com
[2026-09-18T18:12:39.771Z] LOGIN ATTEMPT - email=admin@email.com
[2026-09-18T18:14:16.211Z] LOGIN ATTEMPT - email=admin@email.com
[2026-09-18T18:14:48.715Z] LOGIN ATTEMPT - email=admin@email.com
[2026-09-18T18:18:06.686Z] LOGIN ATTEMPT - email=admin@email.com
[2026-09-18T18:19:07.589Z] LOGIN ATTEMPT - email=admin@email.com
[2026-09-18T18:23:21.136Z] LOGIN ATTEMPT - email=admin@email.com
[2026-09-18T18:29:15.810Z] LOGIN ATTEMPT - email=admin@email.com
[2026-09-18T18:35:02.327Z] LOGIN ATTEMPT - email=admin@email.com
[2026-09-18T18:40:56.133Z] LOGIN ATTEMPT - email=admin@email.com
[2026-09-18T18:41:36.696Z] LOGIN ATTEMPT - email=admin@email.com
[2026-09-18T18:58:02.286Z] LOGIN ATTEMPT - email=admin@email.com
[2026-09-18T18:59:00.034Z] LOGIN ATTEMPT - email=admin@email.com
[2026-09-18T18:59:45.570Z] LOGIN ATTEMPT - email=admin@email.com
[2026-09-18T19:19:34.401Z] LOGIN ATTEMPT - email=admin@email.com
[2026-09-18T19:20:07.419Z] LOGIN ATTEMPT - email=admin@email.com
[2026-09-18T19:21:58.076Z] LOGIN ATTEMPT - email=admin@email.com
[2026-09-23T11:18:22.646Z] LOGIN ATTEMPT - email=admin@email.com
[2026-09-23T12:53:35.876Z] LOGIN ATTEMPT - email=admin@email.com
[2026-09-23T12:54:34.279Z] LOGIN ATTEMPT - email=admin@email.com
